[assembly: System.Reflection.AssemblyMetadata("RepositoryUrl", "")]
[assembly: System.Runtime.Versioning.TargetFramework(".NETStandard,Version=v2.0", FrameworkDisplayName="")]
namespace NServiceBus.AttributeConventions.Contracts
{
    [System.AttributeUsage(System.AttributeTargets.Class | System.AttributeTargets.All, AllowMultiple=false, Inherited=false)]
    public sealed class CommandAttribute : System.Attribute
    {
        public CommandAttribute() { }
    }
    [System.AttributeUsage(System.AttributeTargets.Class | System.AttributeTargets.Interface | System.AttributeTargets.All, AllowMultiple=false, Inherited=false)]
    public sealed class EventAttribute : System.Attribute
    {
        public EventAttribute() { }
    }
    [System.AttributeUsage(System.AttributeTargets.Class | System.AttributeTargets.All, AllowMultiple=false, Inherited=false)]
    public sealed class MessageAttribute : System.Attribute
    {
        public MessageAttribute() { }
    }
}